%!Adobe-FontList 1.23
%Locale:0x409

%BeginFont
Handler:DirectoryHandler
FontType:Invalid
OutlineFileName:/Users/jdfrigola/Desktop/MANIFESTO FUERA DE LUGAR/AAFF/Document fonts/AdobeFnt23.lst
FileLength:1447
FileModTime:719257993
%EndFont

%BeginFont
Handler:DirectoryHandler
FontType:Type1
FontName:FuturaStd-Book
FamilyName:Futura Std
StyleName:Book
MenuName:Futura Std Book
StyleBits:0
WeightClass:400
WidthClass:5
AngleClass:0
FullName:Futura Std Book
WritingScript:Roman
OutlineFileName:/Users/jdfrigola/Desktop/MANIFESTO FUERA DE LUGAR/AAFF/Document fonts/FuturaStd-Book.otf
DataFormat:sfntData
UsesStandardEncoding:yes
isCFF:yes
hasSVG:no
hasCOLR:no
VariableFontType:NonVariableFont
FileLength:27080
FileModTime:719257993
DesignSize:120
NameArray:0,Mac,4,Futura Std Book
NameArray:0,Win,1,Futura Std Book
NameArray:0,Win,16,Futura Std
%EndFont

%BeginFont
Handler:DirectoryHandler
FontType:Type1
FontName:MinionPro-Regular
FamilyName:Minion Pro
StyleName:Regular
MenuName:Minion Pro
StyleBits:0
WeightClass:400
WidthClass:5
AngleClass:0
FullName:Minion Pro
WritingScript:Roman
OutlineFileName:/Users/jdfrigola/Desktop/MANIFESTO FUERA DE LUGAR/AAFF/Document fonts/MinionPro-Regular.otf
DataFormat:sfntData
UsesStandardEncoding:yes
isCFF:yes
hasSVG:no
hasCOLR:no
VariableFontType:NonVariableFont
FileLength:218640
FileModTime:719257993
DesignSize:110
NameArray:0,Mac,4,Minion Pro
NameArray:0,Win,1,Minion Pro
%EndFont

